// Jest Snapshot v1, https://goo.gl/fbAQLP

exports[`Given an App component When its rendered With path '/*', it should render NotFoundPage' 1`] = `null`;
